// Vitest Snapshot v1, https://vitest.dev/guide/snapshot.html

exports[`reconciliation service > reconcile links > should invoke linkContactsUnitOfWork.linkContacts when both email and phoneNumber are defined 1`] = `
{
  "emails": [
    "some-email@asdf.com",
  ],
  "phoneNumbers": [
    "+919999999999",
  ],
  "primaryContatctId": 1,
  "secondaryContactIds": [],
}
`;

exports[`reconciliation service > reconcile links > should invoke linkContactsUnitOfWork.linkContactsWithEmail when only email is defined 1`] = `
{
  "emails": [
    "some-email@asdf.com",
  ],
  "phoneNumbers": [
    "+919999999999",
  ],
  "primaryContatctId": 1,
  "secondaryContactIds": [],
}
`;

exports[`reconciliation service > reconcile links > should invoke linkContactsUnitOfWork.linkContactsWithPhoneNumber when only email is defined 1`] = `
{
  "emails": [
    "some-email@asdf.com",
  ],
  "phoneNumbers": [
    "+919999999999",
  ],
  "primaryContatctId": 1,
  "secondaryContactIds": [],
}
`;
